// Jest Snapshot v1, https://goo.gl/fbAQLP

exports[`MemberProfile renders the same as the last snapshot 1`] = `
<div
  className=""
>
  <HelmetWrapper
    defer={true}
    encodeSpecialCharacters={true}
  >
    <title>
      Rich Churcher
       | Hylo
    </title>
    <meta
      content="Rich Churcher's Member Profile"
      name="description"
    />
  </HelmetWrapper>
  <div
    data-stylename="header"
  >
    <div
      data-stylename="header-banner"
      style={
        Object {
          "backgroundImage": "url(http://www.axolotl.org/images/tiger/tiger_larva.jpg)",
        }
      }
    >
      <RoundImage
        data-stylename="header-member-avatar"
        url="https://www.gravatar.com/avatar/32f7ff34c3b5a8600b79be9a85a5c92f?d=mm&s=140"
        xlarge={true}
      />
      <h1
        data-stylename="header-member-name"
      >
        Rich Churcher
      </h1>
      <div
        data-stylename="header-member-location"
      >
        <Icon
          data-stylename="header-member-location-icon"
          name="Location"
        />
        Auckland, New Zealand
      </div>
    </div>
    <div
      data-stylename="action-icons"
    >
      <ActionButtons
        items={
          Array [
            Object {
              "hideCopyTip": true,
              "iconName": "Messages",
              "onClick": [Function],
              "value": "Message Member",
            },
            Object {
              "iconName": "Phone",
              "onClick": [Function],
              "value": undefined,
            },
            Object {
              "iconName": "Email",
              "onClick": [Function],
              "value": undefined,
            },
            Object {
              "iconName": "Facebook",
              "onClick": [Function],
              "value": "https://www.facebook.com/rich.churcher",
            },
            Object {
              "iconName": "LinkedIn",
              "onClick": [Function],
              "value": "https://www.linkedin.com/in/richchurcher/",
            },
            Object {
              "iconName": "Twitter",
              "onClick": [Function],
              "value": "https://twitter.com/richchurcher",
            },
            Object {
              "iconName": "Public",
              "onClick": [Function],
              "value": "https://eloquentgeek.com",
            },
          ]
        }
      />
      <ActionDropdown
        items={
          Array [
            Object {
              "hide": true,
              "icon": "Edit",
              "label": "Edit Profile",
              "onClick": [Function],
            },
            Object {
              "hide": false,
              "icon": "Ex",
              "label": "Block this Member",
              "onClick": [Function],
            },
          ]
        }
      />
    </div>
    <div
      data-stylename="bio"
    >
      I like wombats.
    </div>
    <div
      data-stylename="member-details"
    >
      <div
        data-stylename="profile-subhead"
      >
        Skills & Interests
      </div>
      <Connect(SkillsSection)
        editable={false}
        personId="1"
      />
      <div
        data-stylename="profile-subhead"
      >
        What I'm Learning
      </div>
      <Connect(_default)
        editable={false}
        personId="1"
      />
      <div
        data-stylename="profile-subhead"
      >
        Hylo Groups
      </div>
      <Membership
        index={0}
        key="3"
        membership={
          Object {
            "group": Object {
              "id": "1836",
              "name": "Wombats",
              "slug": "wombats",
            },
            "hasModeratorRole": true,
            "id": "3",
            "role": 1,
          }
        }
      />
      <div
        data-stylename="profile-subhead"
      >
        Upcoming Events
      </div>
      <Event
        event={
          Object {
            "eventInvitations": Object {
              "items": Array [
                Object {
                  "person": Object {
                    "avatarUrl": "https://d3ngex8q79bk55.cloudfront.net/evo-uploads/user/29846/userAvatar/29846/shen-shen5.jpg",
                  },
                  "response": "yes",
                },
              ],
            },
            "groups": Array [
              Object {
                "slug": "psychedelics",
              },
            ],
            "id": "1212",
            "location": "https://us02web.zoom.us/j/2896940440?pwd=YnB2QWZVVzRhbXNmWWVzZUw2MHcxUT09",
            "startTime": "2020-12-01T08:00:00.000Z",
            "title": "Ceremony",
          }
        }
        key="0"
        memberCap={3}
        routeParams={
          Object {
            "personId": "1",
          }
        }
      />
      <Event
        event={
          Object {
            "eventInvitations": Object {
              "items": Array [
                Object {
                  "person": Object {
                    "avatarUrl": "https://d3ngex8q79bk55.cloudfront.net/evo-uploads/user/29846/userAvatar/29846/shen-shen5.jpg",
                  },
                  "response": "yes",
                },
                Object {
                  "person": Object {
                    "avatarUrl": "https://www.gravatar.com/avatar/94a2d9255a468695b90d00fa691ee05b?d=mm&s=140",
                  },
                  "response": "yes",
                },
              ],
            },
            "groups": Array [
              Object {
                "slug": "bb",
              },
            ],
            "id": "1213",
            "location": "Scotts Valley, California, United States",
            "startTime": "2020-12-09T08:00:00.000Z",
            "title": "Chickadees United",
          }
        }
        key="1"
        memberCap={3}
        routeParams={
          Object {
            "personId": "1",
          }
        }
      />
      <div
        data-stylename="profile-subhead"
      >
        Projects
      </div>
      <Project
        key="0"
        memberCap={3}
        project={
          Object {
            "createdAt": "Thu Oct 29 2020 19:55:58 GMT-0700 (PDT)",
            "creator": Object {
              "name": "Test Account",
            },
            "id": "1210",
            "members": Object {
              "items": Array [
                Object {
                  "avatarUrl": "https://member1.jpg",
                },
                Object {
                  "avatarUrl": "https://member2.jpg",
                },
                Object {
                  "avatarUrl": "https://member3.jpg",
                },
                Object {
                  "avatarUrl": "https://member4.jpg",
                },
                Object {
                  "avatarUrl": "https://member5.jpg",
                },
              ],
            },
            "title": "Document bird species in Santa Cruz",
          }
        }
        routeParams={
          Object {
            "personId": "1",
          }
        }
      />
      <Project
        key="1"
        memberCap={3}
        project={
          Object {
            "createdAt": "Mon Nov 02 2020 13:40:01 GMT-0800 (PST)",
            "creator": Object {
              "name": "Test Account",
            },
            "id": "1211",
            "members": Object {
              "items": Array [
                Object {
                  "avatarUrl": "https://member1.jpg",
                },
                Object {
                  "avatarUrl": "https://member2.jpg",
                },
                Object {
                  "avatarUrl": "https://member3.jpg",
                },
              ],
            },
            "title": "Fundraise for Audubon Society",
          }
        }
        routeParams={
          Object {
            "personId": "1",
          }
        }
      />
    </div>
  </div>
  <div
    data-stylename="content"
  >
    <div
      data-stylename="content-controls"
    >
      <h2
        data-stylename="content-header"
      >
        Rich Churcher's recent activity
      </h2>
      <Dropdown
        data-stylename="content-dropdown"
        items={
          Array [
            Object {
              "component": Object {
                "$$typeof": Symbol(react.memo),
                "WrappedComponent": [Function],
                "compare": null,
                "displayName": "Connect(RecentActivity)",
                "type": [Function],
              },
              "label": "Overview",
              "onClick": [Function],
              "title": "Rich Churcher's recent activity",
            },
            Object {
              "component": Object {
                "$$typeof": Symbol(react.memo),
                "WrappedComponent": [Function],
                "compare": null,
                "displayName": "Connect(MemberPosts)",
                "type": [Function],
              },
              "label": "Posts",
              "onClick": [Function],
              "title": "Rich Churcher's posts",
            },
            Object {
              "component": Object {
                "$$typeof": Symbol(react.memo),
                "WrappedComponent": [Function],
                "compare": null,
                "displayName": "Connect(MemberComments)",
                "type": [Function],
              },
              "label": "Comments",
              "onClick": [Function],
              "title": "Rich Churcher's comments",
            },
            Object {
              "component": Object {
                "$$typeof": Symbol(react.memo),
                "WrappedComponent": [Function],
                "compare": null,
                "displayName": "Connect(MemberVotes)",
                "type": [Function],
              },
              "label": "Upvotes",
              "onClick": [Function],
              "title": "Rich Churcher's upvotes",
            },
          ]
        }
        toggleChildren={
          <span>
            Overview
             
            <Icon
              data-stylename="content-dropdown-icon"
              name="ArrowDown"
            />
          </span>
        }
      />
    </div>
    <Connect(RecentActivity)
      routeParams={
        Object {
          "personId": "1",
        }
      }
    />
  </div>
</div>
`;
