// Jest Snapshot v1, https://goo.gl/fbAQLP

exports[`MemberProfile renders the same as the last snapshot 1`] = `
<div
  data-stylename="member-profile"
>
  <ProfileBanner
    bannerUrl="http://www.axolotl.org/images/tiger/tiger_larva.jpg"
  >
    <ProfileNamePlate
      avatarUrl="https://www.gravatar.com/avatar/32f7ff34c3b5a8600b79be9a85a5c92f?d=mm&s=140"
      location="Auckland, New Zealand"
      name="Rich Churcher"
    />
  </ProfileBanner>
  <div
    data-stylename="content"
  >
    <ProfileControls
      selectTab={[Function]}
    >
      <span
        data-stylename="tagline"
      />
      <SocialButtons
        facebookUrl="https://www.facebook.com/rich.churcher"
        linkedinUrl="https://www.linkedin.com/in/richchurcher/"
        twitterName="richchurcher"
        url="https://eloquentgeek.com"
      />
    </ProfileControls>
    <TabContentSwitcher
      bio="I like wombats."
      personId="1"
    />
  </div>
</div>
`;

exports[`SocialButtons calls addProtocol to add missing protocols 1`] = `
<div
  data-stylename="social-buttons"
>
  <a
    data-stylename="social-link"
    href="https://twitter.com/bar"
    target="_blank"
  >
    <Icon
      data-stylename="icon icon-twitter"
      name="ProfileTwitter"
    />
  </a>
  <a
    data-stylename="social-link"
    href="https://foo.com"
    target="_blank"
  >
    <Icon
      data-stylename="icon icon-facebook"
      name="ProfileFacebook"
    />
  </a>
  <a
    data-stylename="social-link"
    href="https://linkedin.com/user/id"
    target="_blank"
  >
    <Icon
      data-stylename="icon icon-linkedin"
      name="ProfileLinkedin"
    />
  </a>
  <a
    data-stylename="social-link"
    href="https://myawesomesite.com"
    target="_blank"
  >
    <Icon
      data-stylename="icon"
      green={true}
      name="ProfileUrl"
    />
  </a>
</div>
`;
