// Jest Snapshot v1, https://goo.gl/fbAQLP

exports[`renders correctly for All Communities 1`] = `
<div
  data-styleName="s.topicNavigation"
>
  <div
    data-styleName="s.header"
  >
    <Icon
      data-styleName="s.icon"
      name="Topics"
    />
    Topics
  </div>
  <ul
    data-styleName="s.topics"
  >
    <li
      data-styleName="s.topic"
      key="t1"
    >
      <NavLink
        activeClassName="active-topic-nav-link"
        ariaCurrent="true"
        data-styleName="s.topicLink"
        onClick={[Function]}
        to="/c/foo/t1"
      >
        <span
          data-styleName="s.name"
        >
          #
          t1
        </span>
        <Badge
          data-styleName="s.badge"
          number={3}
        />
      </NavLink>
    </li>
    <li
      data-styleName="s.topic"
      key="t2"
    >
      <NavLink
        activeClassName="active-topic-nav-link"
        ariaCurrent="true"
        data-styleName="s.topicLink"
        onClick={[Function]}
        to="/c/foo/t2"
      >
        <span
          data-styleName="s.name"
        >
          #
          t2
        </span>
      </NavLink>
    </li>
    <li
      data-styleName="s.topic"
      key="t3"
    >
      <NavLink
        activeClassName="active-topic-nav-link"
        ariaCurrent="true"
        data-styleName="s.topicLink"
        onClick={[Function]}
        to="/c/foo/t3"
      >
        <span
          data-styleName="s.name"
        >
          #
          t3
        </span>
      </NavLink>
    </li>
    <li
      data-styleName="s.topic"
      key="t4"
    >
      <NavLink
        activeClassName="active-topic-nav-link"
        ariaCurrent="true"
        data-styleName="s.topicLink"
        onClick={[Function]}
        to="/c/foo/t4"
      >
        <span
          data-styleName="s.name"
        >
          #
          t4
        </span>
        <Badge
          data-styleName="s.badge"
          number={2}
        />
      </NavLink>
    </li>
  </ul>
  <div
    data-styleName="s.addTopic"
  >
    <Link
      replace={false}
      to="/c/foo/topics"
    >
      see all
    </Link>
  </div>
</div>
`;

exports[`renders correctly for a community 1`] = `
<div
  data-styleName="s.topicNavigation"
>
  <div
    data-styleName="s.header"
  >
    <Icon
      data-styleName="s.icon"
      name="Topics"
    />
    Topics
  </div>
  <ul
    data-styleName="s.topics"
  >
    <li
      data-styleName="s.topic"
      key="t1"
    >
      <NavLink
        activeClassName="active-topic-nav-link"
        ariaCurrent="true"
        data-styleName="s.topicLink"
        onClick={[Function]}
        to="/c/foo/t1"
      >
        <span
          data-styleName="s.name"
        >
          #
          t1
        </span>
        <Badge
          data-styleName="s.badge"
          number={3}
        />
      </NavLink>
    </li>
    <li
      data-styleName="s.topic"
      key="t2"
    >
      <NavLink
        activeClassName="active-topic-nav-link"
        ariaCurrent="true"
        data-styleName="s.topicLink"
        onClick={[Function]}
        to="/c/foo/t2"
      >
        <span
          data-styleName="s.name"
        >
          #
          t2
        </span>
      </NavLink>
    </li>
    <li
      data-styleName="s.topic"
      key="t3"
    >
      <NavLink
        activeClassName="active-topic-nav-link"
        ariaCurrent="true"
        data-styleName="s.topicLink"
        onClick={[Function]}
        to="/c/foo/t3"
      >
        <span
          data-styleName="s.name"
        >
          #
          t3
        </span>
      </NavLink>
    </li>
    <li
      data-styleName="s.topic"
      key="t4"
    >
      <NavLink
        activeClassName="active-topic-nav-link"
        ariaCurrent="true"
        data-styleName="s.topicLink"
        onClick={[Function]}
        to="/c/foo/t4"
      >
        <span
          data-styleName="s.name"
        >
          #
          t4
        </span>
        <Badge
          data-styleName="s.badge"
          number={2}
        />
      </NavLink>
    </li>
  </ul>
  <div
    data-styleName="s.addTopic"
  >
    <Link
      replace={false}
      to="/c/foo/topics"
    >
      see all
    </Link>
  </div>
</div>
`;
