// Jest Snapshot v1, https://goo.gl/fbAQLP

exports[`presentSearchResult presents a Comment SearchResult 1`] = `
Object {
  "content": Object {
    "creator": SessionBoundModel {
      "_fields": Object {
        "id": 0,
        "name": "Ron",
        "skills": undefined,
      },
    },
    "id": 21,
    "image": SessionBoundModel {
      "_fields": Object {
        "comment": 21,
        "id": 0,
        "url": "foo.png",
      },
    },
  },
  "id": 0,
  "type": "Comment",
}
`;
