// Jest Snapshot v1, https://goo.gl/fbAQLP

exports[`matches the last snapshot 1`] = `
<li
  className="person-list-item"
>
  <RoundImage
    className="avatar"
    medium={true}
    url="https://wombat.life"
  />
  <span
    className="name bdy-lt-sm"
  >
    Wombat
  </span>
  <span
    className="community faint-lt-sm"
  />
</li>
`;
