// Jest Snapshot v1, https://goo.gl/fbAQLP

exports[`deleteCommunityTopic should match latest snapshot 1`] = `
Object {
  "graphql": Object {
    "query": "mutation ($id: ID) {
        deleteCommunityTopic(id: $id) {
          success
        }
      }",
    "variables": Object {
      "id": 135,
    },
  },
  "meta": Object {
    "id": 135,
    "optimistic": true,
  },
  "type": "AllTopics/DELETE_COMMUNITY_TOPIC",
}
`;
