// Jest Snapshot v1, https://goo.gl/fbAQLP

exports[`AllTopics matches the latest snapshot 1`] = `
<withRouter(Connect(FullPageModal))
  fullWidth={true}
  goToOnClose="/c/goteam"
>
  <div
    data-stylename="all-topics"
  >
    <div
      data-stylename="title"
    >
       Topics
    </div>
    <div
      data-stylename="subtitle"
    >
       Total Topics
    </div>
    <div
      data-stylename="controls"
    >
      <SearchBar />
    </div>
    <div
      data-stylename="topic-list"
      id="topic-list"
    >
      <TopicListItem
        deleteItem={[Function]}
        key="1"
        routeParams={
          Object {
            "slug": "goteam",
          }
        }
        singleGroup={
          Object {
            "id": "1",
            "slug": "goteam",
          }
        }
        toggleSubscribe={[Function]}
        topic={
          Object {
            "followersTotal": 52,
            "id": "1",
            "isSubscribed": false,
            "name": "petitions",
            "postsTotal": 24,
          }
        }
      />
      <ScrollListener
        elementId="topic-list"
        onBottom={[Function]}
      />
    </div>
  </div>
</withRouter(Connect(FullPageModal))>
`;

exports[`SearchBar matches the latest snapshot 1`] = `
<div
  data-stylename="search-bar"
>
  <TextInput
    data-stylename="search-input"
    noClearButton={true}
    onChange={[Function]}
    placeholder="Search topics"
    value="test"
  />
  <Dropdown
    alignRight={true}
    data-stylename="search-order"
    items={
      Array [
        Object {
          "label": "Name",
          "onClick": [Function],
        },
        Object {
          "label": "Popular",
          "onClick": [Function],
        },
        Object {
          "label": "Recent",
          "onClick": [Function],
        },
      ]
    }
    toggleChildren={
      <span
        data-stylename="search-sorter-label"
      >
        Name
        <Icon
          name="ArrowDown"
        />
      </span>
    }
  />
</div>
`;

exports[`TopicListItem when multiple groups matches the latest snapshot 1`] = `
<div
  data-stylename="topic"
>
  <div
    data-stylename="groupsList"
  >
    <Link
      data-stylename="topic-details"
      to="/c/goteam/petitions"
    >
      <div
        data-stylename="topic-name"
      >
        #
        petitions
      </div>
    </Link>
    <GroupCell
      key="0"
    >
      <div
        data-stylename="topic-stats"
      >
        24 posts
         •
        52 subscribers
         •
      </div>
      <br />
    </GroupCell>
    <GroupCell
      key="1"
    >
      <div
        data-stylename="topic-stats"
      >
        1 post
         •
        4 subscribers
         •
      </div>
      <br />
    </GroupCell>
  </div>
</div>
`;
