// Jest Snapshot v1, https://goo.gl/fbAQLP

exports[`MapExplorer Matches Snapshot 1`] = `
<Router
  history={
    Object {
      "action": "POP",
      "block": [Function],
      "createHref": [Function],
      "go": [Function],
      "goBack": [Function],
      "goForward": [Function],
      "length": 1,
      "listen": [Function],
      "location": Object {
        "hash": "",
        "pathname": "/",
        "search": "",
        "state": undefined,
      },
      "push": [Function],
      "replace": [Function],
    }
  }
>
  <MapExplorer
    centerLocation={
      Object {
        "lat": 35.442845,
        "lng": 7.916598,
      }
    }
    fetchPosts={[MockFunction]}
    fetchSavedSearches={[MockFunction]}
    filters={
      Object {
        "featureTypes": Object {
          "offer": true,
          "request": true,
        },
      }
    }
    groups={Array []}
    hideDrawer={false}
    match={
      Object {
        "params": Object {},
      }
    }
    members={Array []}
    postsForDrawer={Array []}
    postsForMap={Array []}
    routeParams={Object {}}
    storeFetchPostsParam={[MockFunction]}
    t={[Function]}
    topics={Array []}
    zoom={0}
  />
</Router>
`;
