// Jest Snapshot v1, https://goo.gl/fbAQLP

exports[`Name renders correctly 1`] = `
<div
  data-styleName="flex-wrapper"
>
  <ModalSidebar
    body="All good things start somewhere! Let's kick things off with a catchy name for your community."
    header="Great, let's get started"
    theme={
      Object {
        "sidebarHeader": "sidebar-header-full-page",
        "sidebarText": "gray-text sidebar-text-full-page",
      }
    }
  />
  <div
    data-styleName="panel"
  >
    <div>
      <span
        data-styleName="step-count"
      >
        STEP 1/3
      </span>
    </div>
    <div
      data-styleName="center"
    >
      <div
        data-styleName="logo center"
        style={
          Object {
            "backgroundImage": "url(/logo-white.svg)",
          }
        }
      />
    </div>
    <div
      data-styleName="center-vertically"
    >
      <span
        data-styleName="text-input-label"
      />
      <TextInput
        name="community-name"
        onChange={[Function]}
        onEnter={[Function]}
        placeholder="What's the name of your community?"
        showClearButton={false}
        theme={
          Object {
            "inputStyle": "modal-input",
            "wrapperStyle": "center",
          }
        }
        type="text"
        value=""
      />
    </div>
  </div>
  <SignupModalFooter
    continueText="Continue"
    showPrevious={false}
    submit={[Function]}
  />
</div>
`;
