// Jest Snapshot v1, https://goo.gl/fbAQLP

exports[`findTopics queries groupTopics at the top level 1`] = `
Object {
  "graphql": Object {
    "query": "query FindTopicsQuery($topicsSearchTerm: String) {
        groupTopics(autocomplete: $topicsSearchTerm, first: 8) {
          items {
            topic {
              id
              name
              followersTotal
              postsTotal
            }
          }
        }
      }",
    "variables": Object {
      "topicsSearchTerm": "foo",
    },
  },
  "meta": Object {
    "extractModel": Object {
      "append": true,
      "getRoot": [Function],
      "modelName": "Topic",
    },
  },
  "type": "HyloEditor/FIND_TOPICS",
}
`;
