// Jest Snapshot v1, https://goo.gl/fbAQLP

exports[`CommunityControl renders correctly 1`] = `
<div
  data-stylename="community-control"
>
  <div
    data-stylename="row"
  >
    <Link
      replace={false}
      to="/all"
    >
      <RoundImage
        data-stylename="avatar"
        medium={true}
      />
    </Link>
    <Link
      data-stylename="name"
      replace={false}
      to="/all"
    >
      Foomunity
    </Link>
    <span
      data-stylename="leave-button"
      onClick={[Function]}
    >
      Leave
    </span>
  </div>
  <div
    data-stylename="settings-row"
  >
    <span
      data-stylename="settings-label"
    >
      Receive Notifications:
    </span>
    <span
      data-stylename="settings"
    >
      <span
        data-stylename="checkbox-label"
      >
        Email
      </span>
      <CheckBox
        checked={false}
        onChange={[Function]}
      />
      <span
        data-stylename="checkbox-label"
      >
        Mobile
      </span>
      <CheckBox
        checked={true}
        onChange={[Function]}
      />
    </span>
  </div>
</div>
`;

exports[`CommunitySettingsTab renders a list of CommunityControls 1`] = `
<div>
  <CommunityControl
    key="1"
    membership={
      Object {
        "id": 1,
      }
    }
  />
  <CommunityControl
    key="2"
    membership={
      Object {
        "id": 2,
      }
    }
  />
  <CommunityControl
    key="3"
    membership={
      Object {
        "id": 3,
      }
    }
  />
  <CommunityControl
    key="4"
    membership={
      Object {
        "id": 4,
      }
    }
  />
</div>
`;
