// Jest Snapshot v1, https://goo.gl/fbAQLP

exports[`matches the last snapshot 1`] = `
<div
  data-styleName="new-message-thread"
>
  <div
    data-styleName="thread-header"
    tabIndex="0"
  >
    <Connect(PeopleSelector) />
    <Icon
      data-styleName="close-button"
      name="Ex"
    />
  </div>
</div>
`;
