// Jest Snapshot v1, https://goo.gl/fbAQLP

exports[`Name renders correctly 1`] = `
<div
  data-stylename="flex-wrapper"
>
  <ModalSidebar
    body="All good things start somewhere! Let's kick things off with a catchy name for your group."
    header="Great, let's get started"
    imageDialogOne="Hi, I'm Hylo the Axolotl!"
    imageDialogTwo="It's great to meet you!"
    imageUrl="/happy-axolotl.png"
    onClick={[MockFunction]}
    theme={
      Object {
        "sidebarHeader": "sidebar-header-full-page",
        "sidebarText": "gray-text sidebar-text-full-page",
      }
    }
  />
  <div
    data-stylename="panel"
  >
    <div>
      <span
        data-stylename="step-count"
      >
        STEP 1/3
      </span>
    </div>
    <div
      data-stylename="center"
    >
      <div
        data-stylename="logo center"
        style={
          Object {
            "backgroundImage": "url(/logo-white.svg)",
          }
        }
      />
    </div>
    <div
      data-stylename="center-vertically"
    >
      <span
        data-stylename="text-input-label"
      >
        What's the name of your group?
      </span>
      <TextInput
        name="group-name"
        noClearButton={true}
        onChange={[Function]}
        onEnter={[Function]}
        placeholder="What's the name of your group?"
        theme={
          Object {
            "inputStyle": "modal-input",
            "wrapperStyle": "center",
          }
        }
        type="text"
        value="groupName"
      />
    </div>
  </div>
  <ModalFooter
    continueText="Continue"
    showPrevious={false}
    submit={[Function]}
  />
</div>
`;
