// Jest Snapshot v1, https://goo.gl/fbAQLP

exports[`matches the last snapshot 1`] = `
<div
  data-styleName="people-selector"
>
  <div
    data-styleName="thread-header"
    tabIndex="0"
  >
    <PeopleSelector />
    <Icon
      data-styleName="close-button"
      name="Ex"
    />
  </div>
  <div
    data-styleName="autocomplete-control"
  >
    <SelectorMatchedItem
      deleteMatch={[Function]}
      name="Wombat"
    />
    <SelectorMatchedItem
      deleteMatch={[Function]}
      name="Aardvark"
    />
    <input
      data-styleName="autocomplete"
      onChange={[Function]}
      onKeyDown={[Function]}
      placeholder=""
      spellCheck={false}
      type="text"
    />
  </div>
</div>
`;
