// Jest Snapshot v1, https://goo.gl/fbAQLP

exports[`GroupsCard renders correctly 1`] = `
<div
  data-stylename="group-card"
>
  <Link
    to="/all"
  >
    <RoundImage
      data-stylename="group-image"
      size="50px"
      square={true}
      url="foom.png"
    />
    <div
      data-stylename="group-details"
    >
      <span
        data-stylename="group-name"
      >
        Foom
      </span>
      <span
        data-stylename="group-stats"
      >
        77
         Members
      </span>
    </div>
  </Link>
</div>
`;

exports[`GroupsList renders correctly 1`] = `
<div
  data-stylename="group-list"
>
  <GroupCard
    group={
      Object {
        "id": 9,
      }
    }
    key="9"
  />
  <GroupCard
    group={
      Object {
        "id": 8,
      }
    }
    key="8"
  />
  <GroupCard
    group={
      Object {
        "id": 7,
      }
    }
    key="7"
  />
</div>
`;

exports[`RelatedGroupstab renders correctly 1`] = `
<div
  data-stylename="container"
>
  <Banner
    groupsTotal={3}
    text="Parent Groups"
  />
  <GroupsList
    groups={
      Array [
        Object {
          "id": 9,
        },
        Object {
          "id": 8,
        },
        Object {
          "id": 7,
        },
      ]
    }
  />
  <Banner
    groupsTotal={3}
    text="Child Groups"
  />
  <GroupsList
    groups={
      Array [
        Object {
          "id": 6,
        },
        Object {
          "id": 5,
        },
        Object {
          "id": 4,
        },
      ]
    }
  />
</div>
`;
