// Jest Snapshot v1, https://goo.gl/fbAQLP

exports[`UserSettings renders correctly 1`] = `
<withRouter(Connect(FullPageModal))
  content={
    Array [
      Object {
        "component": <AccountSettingsTab
          currentUser={
            Object {
              "id": 1,
            }
          }
          fetchPending={true}
          loginWithService={[Function]}
          setConfirm={[Function]}
          unlinkAccount={[Function]}
          updateUserSettings={[Function]}
        />,
        "name": "Account",
        "path": "/settings",
      },
      Object {
        "component": <CommunitySettingsTab
          leaveCommunity={[Function]}
          memberships={
            Array [
              Object {
                "id": 2,
              },
              Object {
                "id": 3,
              },
            ]
          }
        />,
        "name": "Communities",
        "path": "/settings/communities",
      },
      Object {
        "component": <NotificationSettingsTab
          allCommunitiesSettings={undefined}
          currentUser={
            Object {
              "id": 1,
            }
          }
          memberships={
            Array [
              Object {
                "id": 2,
              },
              Object {
                "id": 3,
              },
            ]
          }
          messageSettings={undefined}
          updateAllMemberships={undefined}
          updateMembershipSettings={[Function]}
          updateUserSettings={[Function]}
        />,
        "name": "Notifications",
        "path": "/settings/notifications",
      },
      Object {
        "component": <BlockedUsersTab
          blockedUsers={undefined}
          loading={true}
          unBlockUser={undefined}
        />,
        "name": "Blocked Users",
        "path": "/settings/blocked-users",
      },
      Object {
        "component": <PasswordSettingsTab
          currentUser={
            Object {
              "id": 1,
            }
          }
          setConfirm={[Function]}
          updateUserSettings={[Function]}
        />,
        "name": "Password",
        "path": "/settings/password",
      },
    ]
  }
/>
`;
