// Jest Snapshot v1, https://goo.gl/fbAQLP

exports[`mapStateToProps returns the right keys 1`] = `
Object {
  "allCommunitiesSettings": Object {
    "sendEmail": true,
    "sendPushNotifications": true,
  },
  "blockedUsers": Array [],
  "confirm": undefined,
  "currentUser": undefined,
  "fetchPending": undefined,
  "messageSettings": undefined,
  "queryParams": Object {
    "registered": undefined,
  },
  "searches": Array [],
}
`;
