// Jest Snapshot v1, https://goo.gl/fbAQLP

exports[`updateAllMemberships matches snapshot 1`] = `
Object {
  "graphql": Object {
    "query": "mutation {
    
    alias1: updateMembership(communityId: 1, data: {settings: {sendEmail:true}}) {
      id
    }
  ,
    alias3: updateMembership(communityId: 3, data: {settings: {sendEmail:true}}) {
      id
    }
  ,
    alias5: updateMembership(communityId: 5, data: {settings: {sendEmail:true}}) {
      id
    }
  
  }",
  },
  "meta": Object {
    "optimistic": true,
    "settings": Object {
      "sendEmail": true,
    },
  },
  "type": "UserSettings/UPDATE_ALL_MEMBERSHIP_SETTINGS",
}
`;
