// Jest Snapshot v1, https://goo.gl/fbAQLP

exports[`UserSettings renders correctly 1`] = `
<withRouter(Connect(FullPageModal))
  content={
    Array [
      Object {
        "component": <AccountSettings
          currentUser={
                Object {
                      "id": 1,
                    }
          }
          loginWithService={[Function]}
          setConfirm={[Function]}
          unlinkAccount={[Function]}
          updateUserSettings={[Function]}
    />,
        "name": "Account",
        "path": "/settings",
      },
      Object {
        "component": <CommunitySettings
          leaveCommunity={[Function]}
          memberships={
                Array [
                      Object {
                        "id": 2,
                      },
                      Object {
                        "id": 3,
                      },
                    ]
          }
          updateMembershipSettings={[Function]}
    />,
        "name": "Communities",
        "path": "/settings/communities",
      },
      Object {
        "component": <NotificationSettings
          currentUser={
                Object {
                      "id": 1,
                    }
          }
          updateUserSettings={[Function]}
    />,
        "name": "Notifications",
        "path": "/settings/notifications",
      },
    ]
  }
/>
`;
