// Jest Snapshot v1, https://goo.gl/fbAQLP

exports[`UserSettings renders correctly 1`] = `
<withRouter(Connect(FullPageModal))
  content={
    Array [
      Object {
        "component": <EditProfileTab
          currentUser={
            Object {
              "blockedUsers": Object {
                "toRefArray": [Function],
              },
              "hasFeature": [Function],
              "id": 1,
            }
          }
          fetchPending={true}
          loginWithService={[Function]}
          setConfirm={[Function]}
          unlinkAccount={[Function]}
          updateUserSettings={[Function]}
        />,
        "name": "Edit Profile",
        "path": "/settings",
      },
      Object {
        "component": <Memo(Connect(UserGroupsTab))
          personId={1}
        />,
        "name": "Affiliations",
        "path": "/settings/groups",
      },
      Object {
        "component": <Memo(Connect(ManageInvitesTab))
          currentUser={
            Object {
              "blockedUsers": Object {
                "toRefArray": [Function],
              },
              "hasFeature": [Function],
              "id": 1,
            }
          }
        />,
        "name": "Invites & Requests",
        "path": "/settings/invitations",
      },
      Object {
        "component": <NotificationSettingsTab
          currentUser={
            Object {
              "blockedUsers": Object {
                "toRefArray": [Function],
              },
              "hasFeature": [Function],
              "id": 1,
            }
          }
          memberships={
            Array [
              Object {
                "id": 2,
              },
              Object {
                "id": 3,
              },
            ]
          }
          updateMembershipSettings={[Function]}
          updateUserSettings={[Function]}
        />,
        "name": "Notifications",
        "path": "/settings/notifications",
      },
      Object {
        "component": <AccountSettingsTab
          currentUser={
            Object {
              "blockedUsers": Object {
                "toRefArray": [Function],
              },
              "hasFeature": [Function],
              "id": 1,
            }
          }
          setConfirm={[Function]}
          updateUserSettings={[Function]}
        />,
        "name": "Account",
        "path": "/settings/account",
      },
      Object {
        "component": <SavedSearchesTab />,
        "name": "Saved Searches",
        "path": "/settings/saved-searches",
      },
      Object {
        "component": <BlockedUsersTab
          loading={true}
        />,
        "name": "Blocked Users",
        "path": "/settings/blocked-users",
      },
      Object {
        "component": <PaymentSettingsTab
          currentUser={
            Object {
              "blockedUsers": Object {
                "toRefArray": [Function],
              },
              "hasFeature": [Function],
              "id": 1,
            }
          }
          setConfirm={[Function]}
          updateUserSettings={[Function]}
        />,
        "name": "Payment",
        "path": "/settings/payment",
      },
    ]
  }
/>
`;
