// Jest Snapshot v1, https://goo.gl/fbAQLP

exports[`Upload Photo should call updateUserSettings 1`] = `
Object {
  "graphql": Object {
    "query": "
        mutation ($changes: MeInput) {
          updateMe(changes: $changes) {
            id
            avatarUrl
            email
            emailValidated
            hasRegistered
            name
            settings {
              alreadySeenTour
              digestFrequency
              dmNotifications
              commentNotifications
              signupInProgress
              streamViewMode
              streamSortBy
              streamPostType
            }
          }
        }
      ",
    "variables": Object {
      "changes": "My Name",
    },
  },
  "meta": Object {
    "extractModel": Array [
      Object {
        "getRoot": [Function],
        "modelName": "Me",
      },
    ],
  },
  "type": "UPDATE_USER_SETTINGS",
}
`;
