// Jest Snapshot v1, https://goo.gl/fbAQLP

exports[`matches the last snapshot 1`] = `
<div>
  <Header />
  <Connect(MessageSection)
    messages={Array []}
    onHitBottom={[Function]}
    onLeftBottom={[Function]}
    onScrollToTop={[Function]}
  />
  <div />
  <div>
    <Connect(MessageForm)
      messageThreadId="1"
    />
  </div>
  <PeopleTyping />
</div>
`;
