// Jest Snapshot v1, https://goo.gl/fbAQLP

exports[`mapStateToProps returns the right keys, adding All Communities link 1`] = `
Object {
  "canModerate": true,
  "communities": Array [
    Object {
      "id": "99",
      "network": null,
      "newPostCount": undefined,
      "slug": "foo",
    },
  ],
  "currentLocation": "mock",
  "defaultNetworks": Array [
    Object {
      "avatarUrl": "/public.svg",
      "communities": Array [],
      "context": "public",
      "id": "public-context",
      "name": "Public Communities & Posts",
    },
    Object {
      "avatarUrl": "/assets/white-merkaba.png",
      "communities": Array [],
      "context": "all",
      "id": "all-communities",
      "name": "All My Communities",
    },
  ],
  "networks": Array [],
}
`;

exports[`partitionCommunities separates independent communities from networked communities 1`] = `
Object {
  "communities": Array [
    Object {
      "id": "2",
      "name": "two",
      "network": null,
      "newPostCount": 3,
    },
  ],
  "networks": Array [
    Object {
      "communities": Array [
        Object {
          "id": "1",
          "name": "one",
          "network": Object {
            "communities": Array [
              Object {
                "id": "100",
                "name": "nonMemberCommunity",
                "network": "1111",
              },
            ],
            "id": "1111",
            "name": "networkOne",
          },
          "newPostCount": 5,
        },
      ],
      "id": "1111",
      "name": "networkOne",
      "nonMemberCommunities": Array [
        Object {
          "id": "100",
          "name": "nonMemberCommunity",
          "network": "1111",
        },
      ],
    },
  ],
}
`;
