// Jest Snapshot v1, https://goo.gl/fbAQLP

exports[`renders with minimum props 1`] = `
<Modal
  ariaHideApp={true}
  closeTimeoutMS={0}
  isOpen={true}
  onRequestClose={[Function]}
  parentSelector={[Function]}
  portalClassName="ReactModalPortal"
  shouldCloseOnOverlayClick={true}
>
  test
</Modal>
`;
