// Jest Snapshot v1, https://goo.gl/fbAQLP

exports[`Switch renders correctly 1`] = `
<div
  className="switch-class switch-container"
  onClick={[Function]}
>
  <div
    className="circle-gray-1"
  />
  <div
    className="connect-gray"
  />
  <div
    className="circle-gray-2"
  />
  <div
    className="switch-on"
  />
</div>
`;
