// Jest Snapshot v1, https://goo.gl/fbAQLP

exports[`TopNavDropdown renders correctly 1`] = `
<div>
  <a
    onClick={[Function]}
  >
    <div>
      toggle
    </div>
  </a>
  <div
    className="wrapper"
  >
    <ul
      className="menu"
    >
      <li
        className="triangle"
        style={
          Object {
            "right": -41,
          }
        }
      />
      <ErrorBoundary>
        <li
          className="header bdy-lt-sm"
        >
          <div>
            header
          </div>
        </li>
        <div>
          body
        </div>
      </ErrorBoundary>
    </ul>
  </div>
</div>
`;
