// Jest Snapshot v1, https://goo.gl/fbAQLP

exports[`PeopleSelector matches the last snapshot 1`] = `
<div
  className="people-selector"
>
  <div
    className="thread-header header"
    tabIndex="0"
  >
    <div
      className="autocomplete-control"
    >
      <input
        autoFocus={true}
        className="autocomplete undefined"
        onChange={[Function]}
        onKeyDown={[Function]}
        placeholder="Type in the names of people to message"
        spellCheck={false}
        type="text"
      />
    </div>
    <CloseMessages
      onCloseURL=""
    />
  </div>
  <PeopleSelectorContacts
    addParticipant={[Function]}
  />
</div>
`;
