// Jest Snapshot v1, https://goo.gl/fbAQLP

exports[`updateCommunityHiddenSetting matches last snapshot 1`] = `
Object {
  "graphql": Object {
    "query": "mutation ($id: ID, $hidden: Boolean) {
        updateCommunityHiddenSetting(id: $id, hidden: $hidden) {
          id
          hidden
        }
      }",
    "variables": Object {
      "hidden": true,
      "id": 123,
    },
  },
  "meta": Object {
    "extractModel": "Community",
    "hidden": true,
    "id": 123,
    "optimistic": true,
  },
  "type": "NetworkSettings/UPDATE_COMMUNITY_HIDDEN_SETTING",
}
`;
