// Jest Snapshot v1, https://goo.gl/fbAQLP

exports[`renders as expected 1`] = `
<div
  className="messages-section"
  onScroll={[Function]}
>
  <div
    className="messages-section-inner"
  >
    <Message
      isHeader={true}
      key="message-1"
      message={
        Object {
          "createdAt": "2017-05-19T23:24:58Z",
          "creator": Object {
            "id": "1",
            "name": "City Bob",
          },
          "id": "1",
          "text": "hi!",
        }
      }
    />
    <Message
      isHeader={false}
      key="message-2"
      message={
        Object {
          "createdAt": "2017-05-19T23:25:07Z",
          "creator": Object {
            "id": "1",
            "name": "City Bob",
          },
          "id": "2",
          "text": "how are you?",
        }
      }
    />
    <Message
      isHeader={true}
      key="message-3"
      message={
        Object {
          "createdAt": "2017-05-19T23:33:58Z",
          "creator": Object {
            "id": "1",
            "name": "City Bob",
          },
          "id": "3",
          "text": "long time no see",
        }
      }
    />
    <Message
      isHeader={true}
      key="message-4"
      message={
        Object {
          "createdAt": "2017-05-20T00:11:11Z",
          "creator": Object {
            "id": "2",
            "name": "Country Alice",
          },
          "id": "4",
          "text": "i am great",
        }
      }
    />
    <Message
      isHeader={false}
      key="message-5"
      message={
        Object {
          "createdAt": "2017-05-20T00:12:12Z",
          "creator": Object {
            "id": "2",
            "name": "Country Alice",
          },
          "id": "5",
          "text": "things are great",
        }
      }
    />
    <Message
      isHeader={true}
      key="message-6"
      message={
        Object {
          "createdAt": "2017-05-20T00:23:12Z",
          "creator": Object {
            "id": "2",
            "name": "Country Alice",
          },
          "id": "6",
          "text": "so great",
        }
      }
    />
    <Message
      isHeader={true}
      key="message-7"
      message={
        Object {
          "createdAt": "2017-05-20T00:23:27Z",
          "creator": Object {
            "id": "1",
            "name": "City Bob",
          },
          "id": "7",
          "text": "great!",
        }
      }
    />
  </div>
</div>
`;
