// Jest Snapshot v1, https://goo.gl/fbAQLP

exports[`mergeProps merges all the right props 1`] = `
Object {
  "badge": 1,
  "bar": 2,
  "clearBadge": [Function],
  "clearFeedList": undefined,
  "communityMembership": Object {
    "community": Object {
      "id": 2,
    },
    "id": 77,
  },
  "dropPostResultsMaker": [Function],
  "foo": 1,
  "resetNewPostCount": [Function],
}
`;
