// Jest Snapshot v1, https://goo.gl/fbAQLP

exports[`PaginatedList renders correctly 1`] = `
<div
  data-stylename="paginated-list"
>
  <div
    data-stylename="section-label"
  />
  <RemovableListItem
    item={
      Object {
        "id": 2,
      }
    }
    key="2"
    size={40}
    square={true}
    url="/all"
  />
  <RemovableListItem
    item={
      Object {
        "id": 3,
      }
    }
    key="3"
    size={40}
    square={true}
    url="/all"
  />
  <PaginationLinks
    page={3}
    pageCount={5}
    setPage={[Function]}
  />
</div>
`;

exports[`PaginationLinks renders correctly 1`] = `
<div
  data-stylename="pagination-links"
>
  <PageLink
    i={0}
    key="0"
  />
  <PageLink
    i={1}
    key="1"
  />
  <PageLink
    i={2}
    key="2"
  />
  <PageLink
    i={3}
    key="3"
  />
  <PageLink
    i={4}
    key="4"
  />
</div>
`;
