// Jest Snapshot v1, https://goo.gl/fbAQLP

exports[`renders correctly 1`] = `
<div
  data-stylename="styles.container"
>
  <div
    data-stylename="styles.header"
  >
    <div
      data-stylename="styles.title"
    >
      Invite People
    </div>
  </div>
  <div
    data-stylename="styles.invite-link-section"
  >
    <div
      data-stylename="styles.subtitle"
    >
      Share a Join Link
    </div>
    <div
      data-stylename="styles.help"
    >
      Anyone can join 
      <span
        style={
          Object {
            "fontWeight": "bold",
          }
        }
      >
        Hylo
      </span>
       with this link
      . Click or press on it to copy it
      :
    </div>
    <div
      data-stylename="styles.invite-link-settings"
    >
      <div
        data-stylename="styles.invite-link"
      >
        <CopyToClipboard
          onCopy={[Function]}
          text="http://www.hylo.com/c/hylo/join/lalala"
        >
          <span
            data-for="invite-link-tooltip"
            data-tip="Click to Copy"
          >
            http://www.hylo.com/c/hylo/join/lalala
            <Icon
              data-stylename="styles.copy-icon"
              name="Copy"
            />
          </span>
        </CopyToClipboard>
        <ReactTooltip
          clickable={false}
          delayShow={500}
          effect="solid"
          id="invite-link-tooltip"
          insecure={true}
          place="top"
          resizeHide={true}
          type="dark"
          wrapper="div"
        />
      </div>
      <Button
        color="green-white-green-border"
        data-stylename="styles.invite-link-button"
        onClick={[Function]}
      >
        Reset Link
      </Button>
    </div>
  </div>
  <div
    data-stylename="styles.email-section"
  >
    <div
      data-stylename="styles.subtitle"
    >
      Send Invites via email
    </div>
    <div
      data-stylename="styles.help"
    >
      Email addresses of those you'd like to invite:
    </div>
    <TextareaAutosize
      data-stylename="styles.invite-msg-input"
      inputRef={[Function]}
      minRows={1}
      onChange={[Function]}
      onHeightChange={[Function]}
      placeholder="Type email addresses (multiples should be separated by either a comma or new line)"
      useCacheForDOMMeasurements={false}
      value=""
    />
    <div
      data-stylename="styles.help"
    >
      Customize the invite email message (optional):
    </div>
    <TextareaAutosize
      data-stylename="styles.invite-msg-input"
      inputRef={[Function]}
      minRows={5}
      onChange={[Function]}
      onHeightChange={[Function]}
      useCacheForDOMMeasurements={false}
      value="Hi!

I'm inviting you to join Hylo group on Hylo.

Hylo is using Hylo for our online group: this is our dedicated space for communication & collaboration."
    />
    <div
      data-stylename="styles.send-invite-button"
    >
      <div
        data-stylename="styles.send-invite-feedback"
      />
      <Button
        color="green"
        disabled={true}
        narrow={true}
        onClick={[Function]}
        small={true}
      >
        Send Invite
      </Button>
    </div>
  </div>
</div>
`;
