// Jest Snapshot v1, https://goo.gl/fbAQLP

exports[`TopNavDropdown renders correctly 1`] = `
<div>
  <a
    onClick={[Function]}
  >
    <div>
      toggle
    </div>
  </a>
  <div
    data-stylename="wrapper animateFadeInDown"
  >
    <ul
      data-stylename="menu"
    >
      <li
        data-stylename="triangle"
        style={
          Object {
            "right": -41,
          }
        }
      />
      <withI18nextTranslation(ErrorBoundary)>
        <li
          data-stylename="header"
        >
          <div>
            header
          </div>
        </li>
        <div>
          body
        </div>
      </withI18nextTranslation(ErrorBoundary)>
    </ul>
  </div>
</div>
`;
