// Jest Snapshot v1, https://goo.gl/fbAQLP

exports[`PostDetail renders correctly 1`] = `
<div
  data-stylename="post"
>
  <ScrollListener
    elementId="detail-column"
    onScroll={[Function]}
  />
  <WrappedPostHeader
    fetchPost={[Function]}
    post={
      Object {
        "details": "the body of the post",
        "id": "91",
        "imageUrl": "foo.jpg",
        "members": Array [],
        "myVote": true,
        "tags": Array [
          "singing",
          "dancing",
        ],
        "votesTotal": 7,
      }
    }
    slug="foo"
  />
  <Connect(PostImage)
    data-stylename="image"
    linked={true}
    postId="91"
  />
  <PostTags
    tags={
      Array [
        "singing",
        "dancing",
      ]
    }
  />
  <PostBody
    data-stylename="body"
    details="the body of the post"
    expanded={true}
    id="91"
    slug="foo"
  />
  <PostCommunities
    showBottomBorder={true}
    slug="foo"
  />
  <div
    data-stylename="activity-header"
  >
    ACTIVITY
  </div>
  <PostFooter
    members={Array []}
    myVote={true}
    onClick={false}
    postId="91"
    votesTotal={7}
  />
  <Connect(Comments)
    postId="91"
    scrollToBottom={[Function]}
    slug="foo"
  />
  <Connect(SocketSubscriber)
    id="91"
    type="post"
  />
</div>
`;
