// Jest Snapshot v1, https://goo.gl/fbAQLP

exports[`matches the last snapshot 1`] = `
<div
  data-stylename="modal"
>
  <div
    data-stylename="content"
  >
    <withRouter(ThreadList)
      data-stylename="left-column"
    />
    <div
      data-stylename="right-column"
    >
      <div
        data-stylename="thread"
      >
        <Header />
        <MessageSection
          fetchMessages={[Function]}
        />
        <div
          data-stylename="message-form"
        >
          <MessageForm
            createMessage={[Function]}
            focusForm={[Function]}
            formRef={
              Object {
                "current": null,
              }
            }
            placeholder="Write something..."
          />
        </div>
        <Connect(PeopleTyping)
          data-stylename="people-typing"
        />
        <Connect(SocketSubscriber)
          type="post"
        />
      </div>
    </div>
  </div>
</div>
`;
