// Jest Snapshot v1, https://goo.gl/fbAQLP

exports[`AuthRoute should redirect into welcome flow if logged in and on the first signup step 1`] = `
<Route
  render={[Function]}
/>
`;

exports[`AuthRoute should render component if is logged in and not on the signup url 1`] = `
<Route
  render={[Function]}
/>
`;

exports[`AuthRoute should set the URL to return to and send to login if not logged in and requireAuth is set 1`] = `
<Redirect
  to="/login"
/>
`;
