// Jest Snapshot v1, https://goo.gl/fbAQLP

exports[`CommunitySettingsTab renders correctly 1`] = `
<div>
  <input
    data-stylename="name"
    onChange={[Function]}
    type="text"
    value="Foomunity"
  />
  <div
    data-stylename="banner"
    style={
      Object {
        "backgroundImage": "url(avatar.png)",
      }
    }
  >
    <Connect(ChangeImageButton)
      data-stylename="change-banner-button"
      update={[Function]}
      uploadSettings={
        Object {
          "id": 1,
          "type": "communityBanner",
        }
      }
    />
  </div>
  <div
    data-stylename="avatar"
    style={
      Object {
        "backgroundImage": "url(avatar.png)",
      }
    }
  >
    <Connect(ChangeImageButton)
      data-stylename="change-avatar-button"
      update={[Function]}
      uploadSettings={
        Object {
          "id": 1,
          "type": "communityAvatar",
        }
      }
    />
  </div>
  <SettingsControl
    label="Description"
    onChange={[Function]}
    type="textarea"
    value="Great community"
  />
  <SettingsControl
    label="Location"
    locationText="Fuji"
    onChange={[Function]}
    type="location"
  />
  <div
    data-stylename="button-row"
  >
    <Button
      color="gray"
      data-stylename="save-button"
      label="Save Changes"
      onClick={null}
    />
  </div>
</div>
`;
