// Jest Snapshot v1, https://goo.gl/fbAQLP

exports[`mapDispatchToProps returns the expected action for fetchPeople 1`] = `
Object {
  "graphql": Object {
    "query": Object {},
    "variables": Object {
      "autocomplete": "searchstring",
      "first": 20,
      "groupIds": Array [
        1,
        2,
      ],
      "offset": 0,
    },
  },
  "meta": Object {
    "extractModel": "Group",
    "extractQueryResults": Object {
      "getItems": [Function],
    },
  },
  "type": "FETCH_PEOPLE",
}
`;

exports[`mapDispatchToProps returns the expected keys 1`] = `
Object {
  "addMember": [Function],
  "fetchPeople": [Function],
  "removeMember": [Function],
  "setAutocomplete": [Function],
  "setMembers": [Function],
}
`;

exports[`mapStateToProps returns the expected keys 1`] = `
Object {
  "autocomplete": undefined,
  "memberMatches": [MockFunction],
  "members": undefined,
}
`;
