// Jest Snapshot v1, https://goo.gl/fbAQLP

exports[`TopicSelector renders correctly (with min props) 1`] = `
<TagInput
  addLeadingHashtag={true}
  handleAddition={[Function]}
  handleDelete={[Function]}
  handleInputChange={[Function]}
  maxTags={3}
  placeholder="Type topic name..."
  suggestions={Array []}
  tags={Array []}
  theme={Object {}}
/>
`;
