// Jest Snapshot v1, https://goo.gl/fbAQLP

exports[`does something 1`] = `
<div
  data-styleName="styles.root"
>
  <div
    data-styleName="styles.pill-container"
  >
    <Pill
      id={1}
      label="clickable"
      onClick={[Function]}
    />
    <Pill
      id={2}
      label="unclickable"
    />
  </div>
</div>
`;
