// Jest Snapshot v1, https://goo.gl/fbAQLP

exports[`Signup renders correctly 1`] = `
<div>
  <div
    data-stylename="formWrapper"
  >
    <h1
      data-stylename="title"
    />
    <div
      data-stylename="subtitle"
    />
    <label />
    <TextInput
      autoFocus={true}
      data-stylename="field"
      inputRef={[Function]}
      name="email"
      noClearButton={true}
      onChange={[Function]}
      onEnter={[Function]}
      type="text"
      value=""
    />
    <Button
      color="gray"
      data-stylename="submit"
      label="Reset"
      onClick={null}
    />
  </div>
</div>
`;
