// Jest Snapshot v1, https://goo.gl/fbAQLP

exports[`Review renders correctly 1`] = `
<div
  className="flex-wrapper"
>
  <Connect(LeftSidebar)
    body="You can always come back and change your details at any time."
    header="Everything looking good?"
  />
  <div
    className="panel"
  >
    <span
      className="white-text step-count"
    >
      STEP 4/4
    </span>
    <br />
    <div
      className="center"
    />
    <div
      className="final-edit"
    >
      <div
        className="three-column-input gray-bottom-border"
      >
        <div
          className="left-input-column"
        >
          <span
            className="text-opacity"
          >
            YOUR NAME
          </span>
        </div>
        <div
          className="center-input-column"
        >
          <input
            autoFocus={true}
            className="signup-input review-input-padding"
            onChange={[Function]}
            onKeyPress={[Function]}
            readOnly={true}
          />
        </div>
        <div
          className="right-input-column"
        >
          <span
            className="edit-button text-opacity"
            onClick={[Function]}
          >
            Edit
          </span>
        </div>
      </div>
      <div
        className="three-column-input gray-bottom-border"
      >
        <div
          className="left-input-column"
        >
          <span
            className="text-opacity"
          >
            YOUR EMAIL
          </span>
        </div>
        <div
          className="center-input-column"
        >
          <input
            autoFocus={true}
            className="signup-input review-input-padding"
            onChange={[Function]}
            onKeyPress={[Function]}
            readOnly={true}
          />
        </div>
        <div
          className="right-input-column"
        >
          <span
            className="edit-button text-opacity"
            onClick={[Function]}
          >
            Edit
          </span>
        </div>
      </div>
      <div
        className="three-column-input gray-bottom-border"
      >
        <div
          className="left-input-column"
        >
          <span
            className="text-opacity"
          >
            LOCATION
          </span>
        </div>
        <div
          className="center-input-column"
        >
          <input
            autoFocus={true}
            className="signup-input review-input-padding"
            onChange={[Function]}
            onKeyPress={[Function]}
            readOnly={true}
          />
        </div>
        <div
          className="right-input-column"
        >
          <span
            className="edit-button text-opacity"
            onClick={[Function]}
          >
            Edit
          </span>
        </div>
      </div>
      <div
        className="three-column-input gray-bottom-border"
      >
        <div
          className="left-input-column"
        >
          <span
            className="text-opacity"
          >
            SKILLS
          </span>
        </div>
        <div
          className="center-input-column-scrollable"
        />
        <div
          className="right-input-column"
        >
          <span
            className="edit-button text-opacity"
          >
            Edit
          </span>
        </div>
      </div>
    </div>
    <div>
      <SignupModalFooter
        continueText="Let's do this!"
        previous={[Function]}
        showPrevious={false}
        submit={[Function]}
      />
    </div>
  </div>
</div>
`;
