// Jest Snapshot v1, https://goo.gl/fbAQLP

exports[`CommunityModerator matches the previous snapshot 1`] = `
<div
  data-stylename="moderator"
>
  <Avatar
    avatarUrl="jarpic.png"
    data-stylename="moderator-image"
    medium={true}
    url="/c/cslug/m/1"
  />
  <Link
    data-stylename="moderator-name"
    to="/c/cslug/m/1"
  >
    Jar
  </Link>
</div>
`;

exports[`CommunityModeratorSection matches the previous snapshot 1`] = `
<div
  data-stylename="moderators-section"
>
  <div
    data-stylename="moderators-header"
  >
    Community Moderators
  </div>
  <CommunityModerator
    key="0"
    moderator={1}
    slug="cslug"
  />
  <CommunityModerator
    key="1"
    moderator={2}
    slug="cslug"
  />
  <CommunityModerator
    key="2"
    moderator={3}
    slug="cslug"
  />
</div>
`;

exports[`NetworkCommunitySettings matches the previous snapshot and calls fetchCommunitySettings 1`] = `
<div>
  <div
    data-stylename="switch-row"
  >
    <div
      data-stylename="switch-label"
    >
      Hide community from network
    </div>
    <Switch
      data-stylename="switch"
      onClick={[Function]}
    />
  </div>
  <div
    data-stylename="help-text"
  >
    Turning this on means this community will not appear in the network list and only members of this community (not the wider network) will be able to see posts from this community.
  </div>
  <CommunityModeratorSection
    moderators={Array []}
  />
</div>
`;

exports[`NetworkCommunitySettings matches the previous snapshot when no community 1`] = `<Loading />`;
