// Jest Snapshot v1, https://goo.gl/fbAQLP

exports[`Domain should call addCommunityDomain from mapDispatchToProps 1`] = `
Object {
  "payload": Object {
    "domain": "domain",
  },
  "type": "CREATE_COMMUNITY_ADD_COMMUNITY_DOMAIN",
}
`;

exports[`Domain should call fetchCommunity from mapDispatchToProps 1`] = `
Object {
  "graphql": Object {
    "query": "
        query ($slug: String) {
          community (slug: $slug) {
            id
            slug
          }
        }
      ",
    "variables": Object {
      "slug": "Community Name",
    },
  },
  "meta": Object {
    "extractModel": "Community",
    "extractQueryResults": Object {
      "getItems": [Function],
    },
  },
  "type": "CREATE_COMMUNITY_FETCH_COMMUNITY",
}
`;
