// Jest Snapshot v1, https://goo.gl/fbAQLP

exports[`renders as expected with no community 1`] = `
<div
  data-styleName="topNavWrapper"
>
  <div
    data-styleName="topNav"
  >
    <div
      data-styleName="logo-hover"
    >
      <Logo />
      <Title />
    </div>
    <div
      data-styleName="navIcons"
    >
      <Link
        replace={false}
        to="/search"
      >
        <Icon
          data-styleName="icon"
          name="Search"
        />
      </Link>
      <Connect(MessagesDropdown)
        renderToggleChildren={[Function]}
      />
      <Connect(NotificationsDropdown)
        renderToggleChildren={[Function]}
      />
      <Dropdown
        alignRight={true}
        data-styleName="user-menu"
        toggleChildren={
          <RoundImage
            small={true}
            url={undefined}
          />
        }
      >
        <li>
          <Link
            data-styleName="hover-highlight"
            replace={false}
            to="/"
          >
            Profile
          </Link>
        </li>
        <li>
          <Link
            data-styleName="hover-highlight"
            replace={false}
            to="/settings"
          >
            Settings
          </Link>
        </li>
        <li>
          <a>
            Log out
          </a>
        </li>
      </Dropdown>
    </div>
  </div>
</div>
`;
