// Jest Snapshot v1, https://goo.gl/fbAQLP

exports[`formatDatePair displays differences of dates 1`] = `"Tue, Feb 5 at 2:41AM GMT"`;

exports[`formatDatePair displays differences of dates 2`] = `"Tue, Feb 5 at 2:41AM GMT - 5:41AM GMT"`;

exports[`formatDatePair displays differences of dates 3`] = `"Tue, Feb 5 at 2:41AM GMT - Wed 6 at 5:41AM GMT"`;

exports[`formatDatePair displays differences of dates 4`] = `"Tue, Feb 5 at 2:41AM GMT - Wed, Mar 6 at 5:41AM GMT"`;
