// Jest Snapshot v1, https://goo.gl/fbAQLP

exports[`findOrCreateThread matches the last snapshot 1`] = `
Object {
  "graphql": Object {
    "query": "mutation FindOrCreateThreadMutation($participantIds: [String]) {
        findOrCreateThread(data: {participantIds: $participantIds}) {
          id
          createdAt
          updatedAt
          participants {
            id
            name
            avatarUrl
          }
          messages {
            items {
              id
              text
              creator {
                id
                name
                avatarUrl
              }
              createdAt
            }
            total
            hasMore
          }
        }
      }",
    "variables": Object {
      "participantIds": Array [
        "1",
        "2",
        "3",
      ],
    },
  },
  "meta": Object {
    "extractModel": "MessageThread",
  },
  "type": "FIND_OR_CREATE_THREAD",
}
`;
