// Jest Snapshot v1, https://goo.gl/fbAQLP

exports[`renders an error when an error is thrown 1`] = `
<ErrorBoundary
  message="An Error Message"
  t={[Function]}
>
  <div
    data-stylename="container"
  >
    <div
      data-stylename="speech-bubble"
    >
      <div
        data-stylename="arrow"
      />
      <span>
        An Error Message
      </span>
    </div>
    <div
      data-stylename="axolotl"
    />
  </div>
</ErrorBoundary>
`;

exports[`renders children correctly 1`] = `
<ErrorBoundary
  message="An Error Message"
  t={[Function]}
>
  <Something />
</ErrorBoundary>
`;
