// Jest Snapshot v1, https://goo.gl/fbAQLP

exports[`renders the same as the last snapshot 1`] = `
<ul
  className="tab-bar"
>
  <li
    className="tab-active tab caption-lt-lg"
    key="Wombats"
    onClick={[Function]}
  >
    Wombats
  </li>
  <li
    className="tab caption-lt-lg"
    key="Aardvarks"
    onClick={[Function]}
  >
    Aardvarks
  </li>
  <li
    className="tab caption-lt-lg"
    key="Ocelots"
    onClick={[Function]}
  >
    Ocelots
  </li>
</ul>
`;
