// Jest Snapshot v1, https://goo.gl/fbAQLP

exports[`renders correctly 1`] = `
<div
  data-stylename="modal"
>
  <div
    data-stylename="modal-container"
  >
    <a
      href="hyloapp://homeundefined"
    >
      <Button
        data-stylename="deep-link-button"
      >
        View in Hylo app
      </Button>
    </a>
    <p
      data-stylename="modal-message"
    >
      First-time user, please download the Hylo app from the 
      <a
        href="some.url"
      >
        Apple App Store
      </a>
      .
    </p>
    <img
      data-stylename="axolotl-phone-image"
      src="/axolotl-phone.png"
    />
  </div>
</div>
`;
