// Jest Snapshot v1, https://goo.gl/fbAQLP

exports[`matches last snapshot 1`] = `
<Modal
  ariaHideApp={true}
  closeTimeoutMS={0}
  contentLabel="Download Mobile App"
  isOpen={true}
  parentSelector={[Function]}
  portalClassName="ReactModalPortal"
  shouldCloseOnOverlayClick={true}
  style={
    Object {
      "content": Object {
        "borderRadius": "100px",
      },
    }
  }
>
  <div
    data-styleName="center"
  >
    <h1
      data-styleName="header"
    >
      Download the app to sign up!
    </h1>
    <a
      href="some-url.com"
    >
      <Button>
        Go to the App Store
      </Button>
    </a>
    <img
      data-styleName="axolotl-phone-image"
      src="/axolotl-phone.png"
    />
  </div>
</Modal>
`;
