// Jest Snapshot v1, https://goo.gl/fbAQLP

exports[`matches last snapshot 1`] = `
<div
  className="selector-matched-item"
>
  <RoundImage
    className="avatar"
    small={true}
  />
  <span
    className="name caption-drk-lg"
  />
  <span>
    <Icon
      className="delete-match"
      name="Ex"
    />
  </span>
</div>
`;
