// Jest Snapshot v1, https://goo.gl/fbAQLP

exports[`PostFooter does something 1`] = `
<div
  data-styleName="footer"
>
  <RoundImageRow
    data-styleName="people"
    imageUrls={
      Array [
        undefined,
        undefined,
        undefined,
        undefined,
      ]
    }
  />
  <span
    data-styleName="caption"
  >
    Joe, Sue and 2 others commented
  </span>
  <a
    data-styleName="vote-button voted"
  >
    <Icon
      data-styleName="arrowIcon"
      name="ArrowUp"
    />
    3
  </a>
</div>
`;
