// Jest Snapshot v1, https://goo.gl/fbAQLP

exports[`Affiliation matches last snapshot 1`] = `
<div
  data-stylename="affiliation odd"
>
  <div
    data-stylename="role"
  >
    Cheesemonger
  </div>
  <div>
    at
  </div>
  <div
    data-stylename="orgName"
  >
    La Fromagerie
  </div>
</div>
`;
