// Jest Snapshot v1, https://goo.gl/fbAQLP

exports[`AccountSettingsTab renders correctly 1`] = `
<div>
  <div
    data-stylename="title"
  >
    Update Account
  </div>
  <SettingsControl
    label="Email"
    onChange={[Function]}
    value=""
  />
  <SettingsControl
    label="New Password"
    onChange={[Function]}
    type="password"
    value=""
  />
  <SettingsControl
    label="New Password (Confirm)"
    onChange={[Function]}
    type="password"
    value=""
  />
  <div
    data-stylename="help"
  >
    Passwords must be at least 9 characters long, and should be a mix of lower and upper case letters, numbers and symbols.
  </div>
  <div
    data-stylename="saveChanges"
  >
    <span
      data-stylename=""
    >
      Current settings up to date
    </span>
    <Button
      color="gray"
      data-stylename="save-button"
      label="Save Changes"
      onClick={null}
    />
  </div>
</div>
`;
