// Jest Snapshot v1, https://goo.gl/fbAQLP

exports[`AddLocation renders correctly 1`] = `
<div
  data-stylename="flex-wrapper"
>
  <Connect(LeftSidebar)
    body="Add your location to see more relevant content, and find people and projects around you."
    header="Add your location"
  />
  <div
    data-stylename="panel"
  >
    <span
      data-stylename="white-text step-count"
    >
      STEP 2/4
    </span>
    <br />
    <div
      data-stylename="center"
    >
      <div
        data-stylename="logo center"
        style={
          Object {
            "backgroundImage": "url(/logo-white.svg)",
          }
        }
      />
    </div>
    <div
      data-stylename="center"
    >
      <Connect(LocationInput)
        inputClass="undefined"
        location=""
        locationObject={null}
        onChange={[Function]}
        onKeyPress={[Function]}
        placeholder="Where do you call home?"
      />
    </div>
    <div>
      <SignupModalFooter
        continueText="One Last Step"
        previous={[Function]}
        submit={[Function]}
      />
    </div>
  </div>
</div>
`;
