// Jest Snapshot v1, https://goo.gl/fbAQLP

exports[`matches the latest snapshot 1`] = `
<div
  data-stylename="topic-feed-header"
>
  <div
    data-stylename="fade"
  >
    <div
      data-stylename="fade2"
    />
  </div>
  <div
    data-stylename="image"
    style={
      Object {
        "backgroundImage": "url(some.url)",
      }
    }
  >
    <div
      data-stylename="topic-name"
    >
      #
      Petitions
    </div>
    <div
      data-stylename="meta"
    >
      <Icon
        data-stylename="star-icon"
        name="Star"
      />
      3 subscribers
      <Icon
        data-stylename="post-icon"
        name="Post"
      />
      11 posts
    </div>
    <Button
      data-stylename="unsubscribe"
      onClick={[Function]}
    >
      <Icon
        data-stylename="subscribe-star-icon-green"
        name="Star"
      />
      Unsubscribe
    </Button>
    <PostPrompt
      firstName="anybody"
      promptStringFunc={[Function]}
      type=""
    />
  </div>
</div>
`;
