// Jest Snapshot v1, https://goo.gl/fbAQLP

exports[`Review renders correctly 1`] = `
<div
  data-stylename="flex-wrapper"
>
  <ModalSidebar
    body="You can always come back and change your details at any time"
    header="Everything looking good?"
    imageUrl="/grooving-axolotl.png"
    onClick={[MockFunction]}
    theme={
      Object {
        "sidebarHeader": "sidebar-header-full-page",
        "sidebarText": "gray-text sidebar-text-full-page",
      }
    }
  />
  <div
    data-stylename="panel"
  >
    <div>
      <span
        data-stylename="step-count"
      >
        STEP 3/3
      </span>
    </div>
    <div
      data-stylename="center"
    >
      <div
        data-stylename="logo center"
        style={
          Object {
            "backgroundImage": "url(/logo-white.svg)",
          }
        }
      />
    </div>
    <div
      data-stylename="center-review"
    >
      <ReviewTextInput
        editHandler={[Function]}
        inputRef={
          Object {
            "current": null,
          }
        }
        label="Group Name"
        onChange={[Function]}
        onEnter={[Function]}
        readOnly={true}
        value="groupName"
      />
      <ReviewTextInput
        editHandler={[Function]}
        inputRef={
          Object {
            "current": null,
          }
        }
        label="URL"
        onChange={[Function]}
        onEnter={[Function]}
        readOnly={true}
        value="hylo.com/c/groupDomain"
      />
    </div>
  </div>
  <ModalFooter
    continueText="Finish Up"
    showPrevious={false}
    submit={[Function]}
  />
</div>
`;

exports[`ReviewTextInput renders correctly 1`] = `
<div
  data-stylename="review-input-text-row"
>
  <div
    data-stylename="review-input-text-label"
  >
    <span>
      label
    </span>
  </div>
  <div
    data-stylename="review-input-text"
  >
    <TextInput
      name="group-name"
      noClearButton={true}
      onChange={[MockFunction]}
      readOnly={false}
      theme={
        Object {
          "inputStyle": "modal-input partial",
          "wrapperStyle": "center",
        }
      }
      type="text"
      value="value"
    />
  </div>
  <div
    data-stylename="review-input-edit"
  >
    <span
      data-stylename="edit-button"
      onClick={[MockFunction]}
    >
      Edit
    </span>
  </div>
</div>
`;
